Нашёл 0 строки за 0 секунд
Нашёл 0 строки за 0 секунд
Нашёл 0 строки за 1 секунд
Нашёл 0 строки за 0 секунд
Нашёл 0 строки за 1 секунд
Нашёл 0 строки за 0 секунд
Нашёл 0 строки за 1 секунд
Нашёл 0 строки за 0 секунд
Нашёл 0 строки за 0 секунд
Нашёл 0 строки за 1 секунд
Нашёл 0 строки за 0 секунд
Нашёл 0 строки за 0 секунд
Нашёл 0 строки за 0 секунд
Нашёл 0 строки за 0 секунд
Нашёл 0 строки за 0 секунд
Нашёл 0 строки за 0 секунд
Нашёл 0 строки за 0 секунд
Нашёл 0 строки за 0 секунд
Нашёл 0 строки за 0 секунд
Нашёл 0 строки за 0 секунд
Нашёл 0 строки за 0 секунд
Нашёл 0 строки за 0 секунд
Нашёл 0 строки за 1 секунд
Нашёл 0 строки за 0 секунд
Нашёл 0 строки за 1 секунд
Нашёл 0 строки за 0 секунд
Нашёл 0 строки за 0 секунд
Нашёл 0 строки за 0 секунд
Нашёл 0 строки за 0 секунд
(date) Нашёл 0 строки за 0 секунд
 Нашёл 0 строки за 0 секунд
( +%H:%M %d/%m/%Y) Нашёл 0 строки за 0 секунд
$ date Нашёл 0 строки за 0 секунд
Нашёл 0 строки за 0 секунд
